C:\Users\akhil.intern\Downloads\Backend for banKINGAPPLICATION\src\main\java\com\example\loanorigination\dto\LoanDetailResponse.java
C:\Users\akhil.intern\Downloads\Backend for banKINGAPPLICATION\src\main\java\com\example\loanorigination\dto\CreateLoanRequest.java
C:\Users\akhil.intern\Downloads\Backend for banKINGAPPLICATION\src\main\java\com\example\loanorigination\dto\LoanSummaryResponse.java
C:\Users\akhil.intern\Downloads\Backend for banKINGAPPLICATION\src\main\java\com\example\loanorigination\config\DataLoader.java
C:\Users\akhil.intern\Downloads\Backend for banKINGAPPLICATION\src\main\java\com\example\loanorigination\controller\exception\GlobalExceptionHandler.java
C:\Users\akhil.intern\Downloads\Backend for banKINGAPPLICATION\src\main\java\com\example\loanorigination\entity\LoanStatus.java
C:\Users\akhil.intern\Downloads\Backend for banKINGAPPLICATION\src\main\java\com\example\loanorigination\LoanOriginationApplication.java
C:\Users\akhil.intern\Downloads\Backend for banKINGAPPLICATION\src\main\java\com\example\loanorigination\repository\LoanRepository.java
C:\Users\akhil.intern\Downloads\Backend for banKINGAPPLICATION\src\main\java\com\example\loanorigination\exception\ResourceNotFoundException.java
C:\Users\akhil.intern\Downloads\Backend for banKINGAPPLICATION\src\main\java\com\example\loanorigination\dto\CreateLoanResponse.java
C:\Users\akhil.intern\Downloads\Backend for banKINGAPPLICATION\src\main\java\com\example\loanorigination\entity\Loan.java
C:\Users\akhil.intern\Downloads\Backend for banKINGAPPLICATION\src\main\java\com\example\loanorigination\service\LoanService.java
C:\Users\akhil.intern\Downloads\Backend for banKINGAPPLICATION\src\main\java\com\example\loanorigination\config\CorsConfig.java
C:\Users\akhil.intern\Downloads\Backend for banKINGAPPLICATION\src\main\java\com\example\loanorigination\controller\LoanController.java
C:\Users\akhil.intern\Downloads\Backend for banKINGAPPLICATION\src\main\java\com\example\loanorigination\dto\RejectLoanRequest.java
C:\Users\akhil.intern\Downloads\Backend for banKINGAPPLICATION\src\main\java\com\example\loanorigination\controller\exception\ErrorResponse.java
